// Jest Snapshot v1, https://goo.gl/fbAQLP

exports[`renders correctly 1`] = `
<div
  className="container"
>
  <div
    className="favorite"
  >
    <table
      className="table table-bordered"
      light={true}
    >
      <thead
        className="favorites-header"
      >
        <tr>
          <th
            className="favourites-text"
          >
            Favorites
          </th>
          <th>
            <i
              aria-hidden="true"
              class="fa fa-headphones"
            />
          </th>
        </tr>
      </thead>
    </table>
    <table
      className="table table-bordered"
    >
      <tbody>
        <tr
          className="row-container"
        />
      </tbody>
    </table>
  </div>
  <h2
    className="heading"
  >
    Search Music
  </h2>
  <label
    className="search-label"
    htmlFor="search-input"
  >
    <input
      id="search-input"
      name="query"
      onChange={[Function]}
      placeholder="Search..."
      type="text"
      value=""
    />
    <i
      aria-hidden="true"
      className="fa fa-search search-icon"
    />
  </label>
  
</div>
`;
